[html.weblearnbd.net/shofy-prv/shofy/index.html]
[backblue.gif]
[fade.gif]
[index.html]
[html.weblearnbd.net/shofy-prv/shofy/assets/img/logo/favicon.png]
[html.weblearnbd.net/shofy-prv/shofy/assets/css/bootstrap.css]
[html.weblearnbd.net/shofy-prv/shofy/assets/css/animate.css]
[html.weblearnbd.net/shofy-prv/shofy/assets/css/swiper-bundle.css]
[html.weblearnbd.net/shofy-prv/shofy/assets/css/slick.css]
[html.weblearnbd.net/shofy-prv/shofy/assets/css/magnific-popup.css]
[html.weblearnbd.net/shofy-prv/shofy/assets/css/flaticon_shofy.css]
[html.weblearnbd.net/shofy-prv/shofy/assets/css/spacing.css]
[html.weblearnbd.net/shofy-prv/shofy/assets/css/font-awesome-pro.css]
[html.weblearnbd.net/shofy-prv/shofy/assets/img/logo/preloader/preloader-icon.svg]
[html.weblearnbd.net/shofy-prv/shofy/assets/css/main.css]
[html.weblearnbd.net/shofy-prv/shofy/assets/img/logo/logo.svg]
[html.weblearnbd.net/shofy-prv/shofy/assets/img/icon/contact.png]
[html.weblearnbd.net/shofy-prv/shofy/contact.html]
[html.weblearnbd.net/shofy-prv/shofy/assets/img/icon/language-flag.png]
[html.weblearnbd.net/shofy-prv/shofy/shop.html]
[html.weblearnbd.net/shofy-prv/shofy/wishlist.html]
[html.weblearnbd.net/shofy-prv/shofy/profile.html]
[html.weblearnbd.net/shofy-prv/shofy/product-details.html]
[html.weblearnbd.net/shofy-prv/shofy/assets/img/product/product-1.jpg]
[html.weblearnbd.net/shofy-prv/shofy/assets/img/product/cartmini/empty-cart.png]
[html.weblearnbd.net/shofy-prv/shofy/checkout.html]
[html.weblearnbd.net/shofy-prv/shofy/login.html]
[html.weblearnbd.net/shofy-prv/shofy/compare.html]
[html.weblearnbd.net/shofy-prv/shofy/assets/img/header/menu/menu-1.jpg]
[html.weblearnbd.net/shofy-prv/shofy/assets/img/header/menu/menu-2.jpg]
[html.weblearnbd.net/shofy-prv/shofy/cart.html]
[html.weblearnbd.net/shofy-prv/shofy/assets/img/header/menu/menu-3.jpg]
[html.weblearnbd.net/shofy-prv/shofy/assets/img/menu/menu-home-1.jpg]
[html.weblearnbd.net/shofy-prv/shofy/index-2.html]
[html.weblearnbd.net/shofy-prv/shofy/assets/img/menu/menu-home-2.jpg]
[html.weblearnbd.net/shofy-prv/shofy/assets/img/menu/menu-home-3.jpg]
[html.weblearnbd.net/shofy-prv/shofy/index-3.html]
[html.weblearnbd.net/shofy-prv/shofy/index-4.html]
[html.weblearnbd.net/shofy-prv/shofy/assets/img/menu/menu-home-4.jpg]
[html.weblearnbd.net/shofy-prv/shofy/index-5.html]
[html.weblearnbd.net/shofy-prv/shofy/assets/img/menu/menu-home-5.jpg]
[html.weblearnbd.net/shofy-prv/shofy/shop-category.html]
[html.weblearnbd.net/shofy-prv/shofy/shop-list.html]
[html.weblearnbd.net/shofy-prv/shofy/shop-masonary.html]
[html.weblearnbd.net/shofy-prv/shofy/shop-full-width.html]
[html.weblearnbd.net/shofy-prv/shofy/shop-1600.html]
[html.weblearnbd.net/shofy-prv/shofy/shop-right-sidebar.html]
[html.weblearnbd.net/shofy-prv/shofy/shop-no-sidebar.html]
[html.weblearnbd.net/shofy-prv/shofy/shop-filter-dropdown.html]
[html.weblearnbd.net/shofy-prv/shofy/shop-filter-offcanvas.html]
[html.weblearnbd.net/shofy-prv/shofy/shop-load-more.html]
[html.weblearnbd.net/shofy-prv/shofy/shop-infinite-scroll.html]
[html.weblearnbd.net/shofy-prv/shofy/assets/img/menu/product/menu-product-img-1.jpg]
[html.weblearnbd.net/shofy-prv/shofy/assets/img/menu/product/menu-product-img-2.jpg]
[html.weblearnbd.net/shofy-prv/shofy/product-details-progress.html]
[html.weblearnbd.net/shofy-prv/shofy/product-details-video.html]
[html.weblearnbd.net/shofy-prv/shofy/product-details-presentation.html]
[html.weblearnbd.net/shofy-prv/shofy/product-details-swatches.html]
[html.weblearnbd.net/shofy-prv/shofy/product-details-countdown.html]
[html.weblearnbd.net/shofy-prv/shofy/product-details-list.html]
[html.weblearnbd.net/shofy-prv/shofy/product-details-gallery.html]
[html.weblearnbd.net/shofy-prv/shofy/product-details-slider.html]
[html.weblearnbd.net/shofy-prv/shofy/order.html]
[html.weblearnbd.net/shofy-prv/shofy/about.html]
[html.weblearnbd.net/shofy-prv/shofy/register.html]
[html.weblearnbd.net/shofy-prv/shofy/forgot.html]
[html.weblearnbd.net/shofy-prv/shofy/404.html]
[html.weblearnbd.net/shofy-prv/shofy/coupon.html]
[html.weblearnbd.net/shofy-prv/shofy/blog.html]
[html.weblearnbd.net/shofy-prv/shofy/blog-grid.html]
[html.weblearnbd.net/shofy-prv/shofy/blog-list.html]
[html.weblearnbd.net/shofy-prv/shofy/blog-details-2.html]
[html.weblearnbd.net/shofy-prv/shofy/assets/img/slider/shape/slider-shape-1.png]
[html.weblearnbd.net/shofy-prv/shofy/assets/img/slider/shape/slider-shape-2.png]
[html.weblearnbd.net/shofy-prv/shofy/blog-details.html]
[html.weblearnbd.net/shofy-prv/shofy/assets/img/slider/shape/slider-shape-3.png]
[html.weblearnbd.net/shofy-prv/shofy/assets/img/slider/shape/slider-shape-4.png]
[html.weblearnbd.net/shofy-prv/shofy/assets/img/slider/slider-img-1.png]
[html.weblearnbd.net/shofy-prv/shofy/assets/img/slider/slider-img-2.png]
[html.weblearnbd.net/shofy-prv/shofy/assets/img/slider/slider-img-3.png]
[html.weblearnbd.net/shofy-prv/shofy/assets/img/product/category/product-cat-1.png]
[html.weblearnbd.net/shofy-prv/shofy/assets/img/product/category/product-cat-2.png]
[html.weblearnbd.net/shofy-prv/shofy/assets/img/product/category/product-cat-3.png]
[html.weblearnbd.net/shofy-prv/shofy/assets/img/product/category/product-cat-4.png]
[html.weblearnbd.net/shofy-prv/shofy/assets/img/product/category/product-cat-5.png]
[html.weblearnbd.net/shofy-prv/shofy/assets/img/product/product-2.jpg]
[html.weblearnbd.net/shofy-prv/shofy/assets/img/product/product-3.jpg]
[html.weblearnbd.net/shofy-prv/shofy/assets/img/product/product-4.jpg]
[html.weblearnbd.net/shofy-prv/shofy/assets/img/product/product-5.jpg]
[html.weblearnbd.net/shofy-prv/shofy/assets/img/product/product-5-1.jpg]
[html.weblearnbd.net/shofy-prv/shofy/assets/img/product/product-5-2.jpg]
[html.weblearnbd.net/shofy-prv/shofy/assets/img/product/product-5-3.jpg]
[html.weblearnbd.net/shofy-prv/shofy/assets/img/product/banner/product-banner-1.jpg]
[html.weblearnbd.net/shofy-prv/shofy/assets/img/product/banner/product-banner-2.jpg]
[html.weblearnbd.net/shofy-prv/shofy/assets/img/product/offer/product-offer-1.jpg]
[html.weblearnbd.net/shofy-prv/shofy/assets/img/product/offer/product-offer-2.jpg]
[html.weblearnbd.net/shofy-prv/shofy/assets/img/product/offer/product-offer-3.jpg]
[html.weblearnbd.net/shofy-prv/shofy/assets/img/product/gadget/gadget-girl.png]
[html.weblearnbd.net/shofy-prv/shofy/assets/img/product/gadget/gadget-banner-1.jpg]
[html.weblearnbd.net/shofy-prv/shofy/assets/img/product/gadget/gadget-banner-2.jpg]
[html.weblearnbd.net/shofy-prv/shofy/assets/img/product/product-12.jpg]
[html.weblearnbd.net/shofy-prv/shofy/assets/img/product/product-13.jpg]
[html.weblearnbd.net/shofy-prv/shofy/assets/img/product/product-14.jpg]
[html.weblearnbd.net/shofy-prv/shofy/assets/img/product/product-15.jpg]
[html.weblearnbd.net/shofy-prv/shofy/assets/img/product/product-16.jpg]
[html.weblearnbd.net/shofy-prv/shofy/assets/img/product/product-17.jpg]
[html.weblearnbd.net/shofy-prv/shofy/assets/img/banner/banner-slider-offer.png]
[html.weblearnbd.net/shofy-prv/shofy/assets/img/banner/banner-slider-1.png]
[html.weblearnbd.net/shofy-prv/shofy/assets/img/banner/banner-slider-2.png]
[html.weblearnbd.net/shofy-prv/shofy/assets/img/product/product-6.jpg]
[html.weblearnbd.net/shofy-prv/shofy/assets/img/product/product-7.jpg]
[html.weblearnbd.net/shofy-prv/shofy/assets/img/product/product-8.jpg]
[html.weblearnbd.net/shofy-prv/shofy/assets/img/product/product-9.jpg]
[html.weblearnbd.net/shofy-prv/shofy/assets/img/product/product-10.jpg]
[html.weblearnbd.net/shofy-prv/shofy/assets/img/product/sm/product-sm-1.jpg]
[html.weblearnbd.net/shofy-prv/shofy/assets/img/product/sm/product-sm-2.jpg]
[html.weblearnbd.net/shofy-prv/shofy/assets/img/product/sm/product-sm-3.jpg]
[html.weblearnbd.net/shofy-prv/shofy/assets/img/product/sm/product-sm-4.jpg]
[html.weblearnbd.net/shofy-prv/shofy/assets/img/product/sm/product-sm-5.jpg]
[html.weblearnbd.net/shofy-prv/shofy/assets/img/product/sm/product-sm-6.jpg]
[html.weblearnbd.net/shofy-prv/shofy/assets/img/product/sm/product-sm-7.jpg]
[html.weblearnbd.net/shofy-prv/shofy/assets/img/product/sm/product-sm-8.jpg]
[html.weblearnbd.net/shofy-prv/shofy/assets/img/product/sm/product-sm-9.jpg]
[html.weblearnbd.net/shofy-prv/shofy/assets/img/blog/blog-1.jpg]
[html.weblearnbd.net/shofy-prv/shofy/assets/img/blog/blog-2.jpg]
[html.weblearnbd.net/shofy-prv/shofy/assets/img/blog/blog-3.jpg]
[html.weblearnbd.net/shofy-prv/shofy/assets/img/instagram/instagram-1.jpg]
[html.weblearnbd.net/shofy-prv/shofy/assets/img/instagram/instagram-2.jpg]
[html.weblearnbd.net/shofy-prv/shofy/assets/img/instagram/instagram-3.jpg]
[html.weblearnbd.net/shofy-prv/shofy/assets/img/instagram/instagram-4.jpg]
[html.weblearnbd.net/shofy-prv/shofy/assets/img/instagram/instagram-5.jpg]
[html.weblearnbd.net/shofy-prv/shofy/assets/img/subscribe/subscribe-shape-1.png]
[html.weblearnbd.net/shofy-prv/shofy/assets/img/subscribe/subscribe-shape-2.png]
[html.weblearnbd.net/shofy-prv/shofy/assets/img/subscribe/subscribe-shape-3.png]
[html.weblearnbd.net/shofy-prv/shofy/assets/img/subscribe/subscribe-shape-4.png]
[html.weblearnbd.net/shofy-prv/shofy/assets/img/subscribe/plane.png]
[html.weblearnbd.net/shofy-prv/shofy/assets/img/product/details/nav/product-details-nav-1.jpg]
[html.weblearnbd.net/shofy-prv/shofy/assets/img/product/details/nav/product-details-nav-2.jpg]
[html.weblearnbd.net/shofy-prv/shofy/assets/img/product/details/nav/product-details-nav-3.jpg]
[html.weblearnbd.net/shofy-prv/shofy/assets/img/product/details/nav/product-details-nav-4.jpg]
[html.weblearnbd.net/shofy-prv/shofy/assets/img/product/details/main/product-details-main-1.jpg]
[html.weblearnbd.net/shofy-prv/shofy/assets/img/product/details/main/product-details-main-2.jpg]
[html.weblearnbd.net/shofy-prv/shofy/assets/img/product/details/main/product-details-main-3.jpg]
[html.weblearnbd.net/shofy-prv/shofy/assets/img/product/details/main/product-details-main-4.jpg]
[html.weblearnbd.net/shofy-prv/shofy/assets/img/footer/footer-pay.png]
[html.weblearnbd.net/shofy-prv/shofy/assets/js/vendor/jquery.js]
[html.weblearnbd.net/shofy-prv/shofy/assets/js/vendor/waypoints.js]
[html.weblearnbd.net/shofy-prv/shofy/assets/js/bootstrap-bundle.js]
[html.weblearnbd.net/shofy-prv/shofy/assets/js/meanmenu.js]
[html.weblearnbd.net/shofy-prv/shofy/assets/js/swiper-bundle.js]
[html.weblearnbd.net/shofy-prv/shofy/assets/js/slick.js]
[html.weblearnbd.net/shofy-prv/shofy/assets/js/magnific-popup.js]
[html.weblearnbd.net/shofy-prv/shofy/assets/js/range-slider.js]
[html.weblearnbd.net/shofy-prv/shofy/assets/js/nice-select.js]
[html.weblearnbd.net/shofy-prv/shofy/assets/js/purecounter.js]
[html.weblearnbd.net/shofy-prv/shofy/assets/js/countdown.js]
[html.weblearnbd.net/shofy-prv/shofy/assets/js/wow.js]
[html.weblearnbd.net/shofy-prv/shofy/assets/js/isotope-pkgd.js]
[html.weblearnbd.net/shofy-prv/shofy/assets/js/imagesloaded-pkgd.js]
[html.weblearnbd.net/shofy-prv/shofy/assets/js/ajax-form.js]
[html.weblearnbd.net/shofy-prv/shofy/index.html]
[html.weblearnbd.net/shofy-prv/shofy/assets/css/bootstrap.css]
[html.weblearnbd.net/shofy-prv/shofy/assets/css/animate.css]
[html.weblearnbd.net/shofy-prv/shofy/assets/css/swiper-bundle.css]
[html.weblearnbd.net/shofy-prv/shofy/assets/css/slick.css]
[html.weblearnbd.net/shofy-prv/shofy/assets/css/magnific-popup.css]
[html.weblearnbd.net/shofy-prv/shofy/assets/js/main.js]
[html.weblearnbd.net/shofy-prv/shofy/assets/fonts/fa-brands-400.woff2]
[html.weblearnbd.net/shofy-prv/shofy/assets/fonts/fa-duotone-900.woff2]
[html.weblearnbd.net/shofy-prv/shofy/assets/fonts/fa-duotone-900.ttf]
[html.weblearnbd.net/shofy-prv/shofy/assets/fonts/fa-light-300.woff2]
[html.weblearnbd.net/shofy-prv/shofy/assets/fonts/fa-brands-400.ttf]
[html.weblearnbd.net/shofy-prv/shofy/assets/fonts/fa-regular-400.woff2]
[html.weblearnbd.net/shofy-prv/shofy/assets/fonts/fa-solid-900.woff2]
[html.weblearnbd.net/shofy-prv/shofy/assets/fonts/fa-light-300.ttf]
[html.weblearnbd.net/shofy-prv/shofy/assets/fonts/fa-regular-400.ttf]
[html.weblearnbd.net/shofy-prv/shofy/assets/fonts/fa-thin-100.woff2]
[html.weblearnbd.net/shofy-prv/shofy/assets/fonts/fa-solid-900.ttf]
[html.weblearnbd.net/shofy-prv/shofy/assets/fonts/fa-v4compatibility.woff2]
[html.weblearnbd.net/shofy-prv/shofy/assets/fonts/fa-v4compatibility.ttf]
[html.weblearnbd.net/shofy-prv/shofy/assets/css/font-awesome-pro.css]
[html.weblearnbd.net/shofy-prv/shofy/assets/fonts/flaticon_shofyc3d7.ttf]
[html.weblearnbd.net/shofy-prv/shofy/assets/fonts/flaticon_shofyc3d7.woff]
[html.weblearnbd.net/shofy-prv/shofy/assets/fonts/flaticon_shofyc3d7.woff2]
[html.weblearnbd.net/shofy-prv/shofy/assets/fonts/flaticon_shofyc3d7.eot]
[html.weblearnbd.net/shofy-prv/shofy/assets/fonts/flaticon_shofyc3d7.svg]
[html.weblearnbd.net/shofy-prv/shofy/assets/css/flaticon_shofy.css]
[html.weblearnbd.net/shofy-prv/shofy/assets/css/spacing.css]
[html.weblearnbd.net/shofy-prv/shofy/assets/img/icon/cross-out.png]
[html.weblearnbd.net/shofy-prv/shofy/assets/css/images/ui-icons_444444_256x240.png]
[html.weblearnbd.net/shofy-prv/shofy/assets/css/images/ui-icons_555555_256x240.png]
[html.weblearnbd.net/shofy-prv/shofy/assets/css/images/ui-icons_ffffff_256x240.png]
[html.weblearnbd.net/shofy-prv/shofy/assets/css/images/ui-icons_777620_256x240.png]
[html.weblearnbd.net/shofy-prv/shofy/assets/css/images/ui-icons_cc0000_256x240.png]
[html.weblearnbd.net/shofy-prv/shofy/assets/css/images/ui-icons_777777_256x240.png]
[html.weblearnbd.net/shofy-prv/shofy/assets/img/product/icons/check-3.svg]
[html.weblearnbd.net/shofy-prv/shofy/assets/css/main.css]
[html.weblearnbd.net/shofy-prv/shofy/assets/img/logo/preloader/preloader-icon.svg]
[html.weblearnbd.net/shofy-prv/shofy/assets/img/logo/logo.svg]
[html.weblearnbd.net/shofy-prv/shofy/assets/img/contact/contact-icon-1.png]
[html.weblearnbd.net/shofy-prv/shofy/assets/img/contact/contact-icon-2.png]
[html.weblearnbd.net/shofy-prv/shofy/assets/img/contact/contact-icon-3.png]
[html.weblearnbd.net/shofy-prv/shofy/contact.html]
[html.weblearnbd.net/shofy-prv/shofy/assets/img/product/shop/sm/shop-sm-1.jpg]
[html.weblearnbd.net/shofy-prv/shofy/assets/img/product/shop/sm/shop-sm-2.jpg]
[html.weblearnbd.net/shofy-prv/shofy/assets/img/product/shop/sm/shop-sm-3.jpg]
[html.weblearnbd.net/shofy-prv/shofy/assets/img/product/shop/sm/shop-sm-4.jpg]
[html.weblearnbd.net/shofy-prv/shofy/assets/img/product/shop/brand/logo_01.png]
[html.weblearnbd.net/shofy-prv/shofy/assets/img/product/shop/brand/logo_02.png]
[html.weblearnbd.net/shofy-prv/shofy/assets/img/product/shop/brand/logo_03.png]
[html.weblearnbd.net/shofy-prv/shofy/assets/img/product/shop/brand/logo_04.png]
[html.weblearnbd.net/shofy-prv/shofy/assets/img/product/shop/brand/logo_05.png]
[html.weblearnbd.net/shofy-prv/shofy/assets/img/product/shop/brand/logo_06.png]
[html.weblearnbd.net/shofy-prv/shofy/assets/img/product/shop/brand/logo_07.png]
[html.weblearnbd.net/shofy-prv/shofy/assets/img/product/shop/brand/logo_08.png]
[html.weblearnbd.net/shofy-prv/shofy/assets/img/product/2/prodcut-1.jpg]
[html.weblearnbd.net/shofy-prv/shofy/assets/img/product/2/prodcut-2.jpg]
[html.weblearnbd.net/shofy-prv/shofy/assets/img/product/2/prodcut-3.jpg]
[html.weblearnbd.net/shofy-prv/shofy/assets/img/product/2/prodcut-4.jpg]
[html.weblearnbd.net/shofy-prv/shofy/assets/img/product/2/prodcut-5.jpg]
[html.weblearnbd.net/shofy-prv/shofy/assets/img/product/2/prodcut-6.jpg]
[html.weblearnbd.net/shofy-prv/shofy/assets/img/product/2/prodcut-7.jpg]
[html.weblearnbd.net/shofy-prv/shofy/assets/img/product/2/prodcut-8.jpg]
[html.weblearnbd.net/shofy-prv/shofy/assets/img/product/2/prodcut-9.jpg]
[html.weblearnbd.net/shofy-prv/shofy/assets/img/product/2/prodcut-10.jpg]
[html.weblearnbd.net/shofy-prv/shofy/assets/img/product/2/prodcut-11.jpg]
[html.weblearnbd.net/shofy-prv/shofy/assets/img/product/2/prodcut-12.jpg]
[html.weblearnbd.net/shofy-prv/shofy/assets/img/product/list/product-list-1.jpg]
[html.weblearnbd.net/shofy-prv/shofy/assets/img/product/list/product-list-2.jpg]
[html.weblearnbd.net/shofy-prv/shofy/assets/img/product/list/product-list-3.jpg]
[html.weblearnbd.net/shofy-prv/shofy/assets/img/product/list/product-list-4.jpg]
[html.weblearnbd.net/shofy-prv/shofy/assets/img/product/list/product-list-5.jpg]
[html.weblearnbd.net/shofy-prv/shofy/assets/img/product/list/product-list-6.jpg]
[html.weblearnbd.net/shofy-prv/shofy/assets/img/product/list/product-list-7.jpg]
[html.weblearnbd.net/shofy-prv/shofy/shop.html]
[html.weblearnbd.net/shofy-prv/shofy/assets/img/product/cart/product-cart-1.jpg]
[html.weblearnbd.net/shofy-prv/shofy/assets/img/product/cart/product-cart-2.jpg]
[html.weblearnbd.net/shofy-prv/shofy/assets/img/product/cart/product-cart-3.jpg]
[html.weblearnbd.net/shofy-prv/shofy/assets/fonts/fa-thin-100.ttf]
[html.weblearnbd.net/shofy-prv/shofy/assets/img/product/cart/product-cart-4.jpg]
[html.weblearnbd.net/shofy-prv/shofy/wishlist.html]
[html.weblearnbd.net/shofy-prv/shofy/assets/img/login/laptop.png]
[html.weblearnbd.net/shofy-prv/shofy/assets/img/login/man.png]
[html.weblearnbd.net/shofy-prv/shofy/assets/img/login/shape-1.png]
[html.weblearnbd.net/shofy-prv/shofy/assets/img/login/shape-2.png]
[html.weblearnbd.net/shofy-prv/shofy/assets/img/login/shape-3.png]
[html.weblearnbd.net/shofy-prv/shofy/assets/img/login/shape-4.png]
[html.weblearnbd.net/shofy-prv/shofy/assets/img/users/user-10.jpg]
[html.weblearnbd.net/shofy-prv/shofy/profile.html]
[html.weblearnbd.net/shofy-prv/shofy/assets/img/product/details/nav/product-details-nav-5.jpg]
[html.weblearnbd.net/shofy-prv/shofy/assets/img/product/details/main/product-details-main-5.jpg]
[html.weblearnbd.net/shofy-prv/shofy/assets/img/product/icons/payment-option.png]
[html.weblearnbd.net/shofy-prv/shofy/assets/img/product/details/desc/product-details-desc-1.jpg]
[html.weblearnbd.net/shofy-prv/shofy/assets/img/product/details/desc/product-details-desc-2.jpg]
[html.weblearnbd.net/shofy-prv/shofy/assets/img/product/details/desc/product-details-desc-3.jpg]
[html.weblearnbd.net/shofy-prv/shofy/assets/img/users/user-3.jpg]
[html.weblearnbd.net/shofy-prv/shofy/assets/img/users/user-2.jpg]
[html.weblearnbd.net/shofy-prv/shofy/assets/img/product/related/product-related-1.jpg]
[html.weblearnbd.net/shofy-prv/shofy/assets/img/product/related/product-related-2.jpg]
[html.weblearnbd.net/shofy-prv/shofy/assets/img/product/related/product-related-3.jpg]
[html.weblearnbd.net/shofy-prv/shofy/assets/img/product/related/product-related-4.jpg]
[html.weblearnbd.net/shofy-prv/shofy/product-details.html]
[html.weblearnbd.net/shofy-prv/shofy/cart.html]
[html.weblearnbd.net/shofy-prv/shofy/assets/img/icon/payment-option.png]
[html.weblearnbd.net/shofy-prv/shofy/assets/img/footer/footer-pay-2.png]
[html.weblearnbd.net/shofy-prv/shofy/checkout.html]
[html.weblearnbd.net/shofy-prv/shofy/assets/img/login/login-shape-1.png]
[html.weblearnbd.net/shofy-prv/shofy/assets/img/login/login-shape-2.png]
[html.weblearnbd.net/shofy-prv/shofy/assets/img/login/login-shape-3.png]
[html.weblearnbd.net/shofy-prv/shofy/assets/img/login/login-shape-4.png]
[html.weblearnbd.net/shofy-prv/shofy/assets/img/icon/login/google.svg]
[html.weblearnbd.net/shofy-prv/shofy/assets/img/icon/login/facebook.svg]
[html.weblearnbd.net/shofy-prv/shofy/assets/img/icon/login/apple.svg]
[html.weblearnbd.net/shofy-prv/shofy/login.html]
[html.weblearnbd.net/shofy-prv/shofy/compare.html]
[html.weblearnbd.net/shofy-prv/shofy/assets/img/slider/2/shape/shape-1.png]
[html.weblearnbd.net/shofy-prv/shofy/assets/img/slider/2/shape/shape-2.png]
[html.weblearnbd.net/shofy-prv/shofy/assets/img/slider/2/shape/shape-3.png]
[html.weblearnbd.net/shofy-prv/shofy/assets/img/slider/2/slider-1.png]
[html.weblearnbd.net/shofy-prv/shofy/assets/img/slider/2/slider-2.png]
[html.weblearnbd.net/shofy-prv/shofy/assets/img/slider/2/slider-3.png]
[html.weblearnbd.net/shofy-prv/shofy/assets/img/banner/2/banner-1.jpg]
[html.weblearnbd.net/shofy-prv/shofy/assets/img/banner/2/banner-2.jpg]
[html.weblearnbd.net/shofy-prv/shofy/assets/img/banner/2/banner-3.jpg]
[html.weblearnbd.net/shofy-prv/shofy/assets/img/category/category-1.jpg]
[html.weblearnbd.net/shofy-prv/shofy/assets/img/category/category-2.jpg]
[html.weblearnbd.net/shofy-prv/shofy/assets/img/category/category-3.jpg]
[html.weblearnbd.net/shofy-prv/shofy/assets/img/category/category-4.jpg]
[html.weblearnbd.net/shofy-prv/shofy/assets/img/category/category-5.jpg]
[html.weblearnbd.net/shofy-prv/shofy/assets/img/category/category-6.jpg]
[html.weblearnbd.net/shofy-prv/shofy/assets/img/product/slider/product-slider-1.jpg]
[html.weblearnbd.net/shofy-prv/shofy/assets/img/product/slider/product-slider-2.jpg]
[html.weblearnbd.net/shofy-prv/shofy/assets/img/product/slider/product-slider-3.jpg]
[html.weblearnbd.net/shofy-prv/shofy/assets/img/product/slider/product-slider-4.jpg]
[html.weblearnbd.net/shofy-prv/shofy/assets/img/product/slider/product-slider-5.jpg]
[html.weblearnbd.net/shofy-prv/shofy/assets/img/product/trending/trending-1.jpg]
[html.weblearnbd.net/shofy-prv/shofy/assets/img/product/trending/trending-2.jpg]
[html.weblearnbd.net/shofy-prv/shofy/assets/img/product/trending/trending-3.jpg]
[html.weblearnbd.net/shofy-prv/shofy/assets/img/product/trending/banner/trending-banner.jpg]
[html.weblearnbd.net/shofy-prv/shofy/assets/img/users/user-4.jpg]
[html.weblearnbd.net/shofy-prv/shofy/assets/img/blog/2/blog-1.jpg]
[html.weblearnbd.net/shofy-prv/shofy/assets/img/blog/2/blog-2.jpg]
[html.weblearnbd.net/shofy-prv/shofy/assets/img/blog/2/blog-3.jpg]
[html.weblearnbd.net/shofy-prv/shofy/assets/img/instagram/2/insta-1.jpg]
[html.weblearnbd.net/shofy-prv/shofy/assets/img/instagram/2/insta-2.jpg]
[html.weblearnbd.net/shofy-prv/shofy/assets/img/instagram/2/insta-icon.png]
[html.weblearnbd.net/shofy-prv/shofy/assets/img/instagram/2/insta-3.jpg]
[html.weblearnbd.net/shofy-prv/shofy/assets/img/instagram/2/insta-4.jpg]
[html.weblearnbd.net/shofy-prv/shofy/assets/img/product/details/3/nav/product-details-nav-1.jpg]
[html.weblearnbd.net/shofy-prv/shofy/assets/img/product/details/3/nav/product-details-nav-2.jpg]
[html.weblearnbd.net/shofy-prv/shofy/assets/img/product/details/3/nav/product-details-nav-3.jpg]
[html.weblearnbd.net/shofy-prv/shofy/assets/img/product/details/3/nav/product-details-nav-4.jpg]
[html.weblearnbd.net/shofy-prv/shofy/assets/img/product/details/3/main/product-details-main-1.jpg]
[html.weblearnbd.net/shofy-prv/shofy/assets/img/product/details/3/main/product-details-main-2.jpg]
[html.weblearnbd.net/shofy-prv/shofy/assets/img/product/details/3/main/product-details-main-3.jpg]
[html.weblearnbd.net/shofy-prv/shofy/assets/img/product/details/3/main/product-details-main-4.jpg]
[html.weblearnbd.net/shofy-prv/shofy/index-2.html]
[html.weblearnbd.net/shofy-prv/shofy/assets/img/logo/logo-white.svg]
[html.weblearnbd.net/shofy-prv/shofy/assets/img/slider/3/slider-1.jpg]
[html.weblearnbd.net/shofy-prv/shofy/assets/img/slider/3/slider-2.jpg]
[html.weblearnbd.net/shofy-prv/shofy/assets/img/slider/3/slider-3.jpg]
[html.weblearnbd.net/shofy-prv/shofy/assets/img/category/3/category-1.jpg]
[html.weblearnbd.net/shofy-prv/shofy/assets/img/category/3/category-2.jpg]
[html.weblearnbd.net/shofy-prv/shofy/assets/img/category/3/category-3.jpg]
[html.weblearnbd.net/shofy-prv/shofy/assets/img/category/3/category-4.jpg]
[html.weblearnbd.net/shofy-prv/shofy/assets/img/product/featured/featured-1.png]
[html.weblearnbd.net/shofy-prv/shofy/assets/img/product/featured/featured-2.png]
[html.weblearnbd.net/shofy-prv/shofy/assets/img/product/featured/featured-3.png]
[html.weblearnbd.net/shofy-prv/shofy/assets/img/product/3/product-1.jpg]
[html.weblearnbd.net/shofy-prv/shofy/assets/img/product/3/product-2.jpg]
[html.weblearnbd.net/shofy-prv/shofy/assets/img/product/3/product-3.jpg]
[html.weblearnbd.net/shofy-prv/shofy/assets/img/product/3/product-4.jpg]
[html.weblearnbd.net/shofy-prv/shofy/assets/img/product/3/product-5.jpg]
[html.weblearnbd.net/shofy-prv/shofy/assets/img/product/3/product-6.jpg]
[html.weblearnbd.net/shofy-prv/shofy/assets/img/product/3/product-7.jpg]
[html.weblearnbd.net/shofy-prv/shofy/assets/img/product/3/product-8.jpg]
[html.weblearnbd.net/shofy-prv/shofy/assets/img/product/collection/collection-1.jpg]
[html.weblearnbd.net/shofy-prv/shofy/assets/img/product/collection/collection-2.jpg]
[html.weblearnbd.net/shofy-prv/shofy/assets/img/product/3/product-9.jpg]
[html.weblearnbd.net/shofy-prv/shofy/assets/img/product/3/product-10.jpg]
[html.weblearnbd.net/shofy-prv/shofy/assets/img/product/3/product-11.jpg]
[html.weblearnbd.net/shofy-prv/shofy/assets/img/product/3/product-12.jpg]
[html.weblearnbd.net/shofy-prv/shofy/assets/img/product/3/product-13.jpg]
[html.weblearnbd.net/shofy-prv/shofy/assets/img/product/3/product-14.jpg]
[html.weblearnbd.net/shofy-prv/shofy/assets/img/product/3/product-15.jpg]
[html.weblearnbd.net/shofy-prv/shofy/assets/img/product/3/product-16.jpg]
[html.weblearnbd.net/shofy-prv/shofy/assets/img/product/3/product-17.jpg]
[html.weblearnbd.net/shofy-prv/shofy/assets/img/product/3/product-18.jpg]
[html.weblearnbd.net/shofy-prv/shofy/assets/img/product/3/product-19.jpg]
[html.weblearnbd.net/shofy-prv/shofy/assets/img/product/3/product-20.jpg]
[html.weblearnbd.net/shofy-prv/shofy/assets/img/product/special/big/special-big-1.jpg]
[html.weblearnbd.net/shofy-prv/shofy/assets/img/product/special/special-1.jpg]
[html.weblearnbd.net/shofy-prv/shofy/assets/img/product/special/special-2.jpg]
[html.weblearnbd.net/shofy-prv/shofy/assets/img/testimonial/testimonial-quote.png]
[html.weblearnbd.net/shofy-prv/shofy/assets/img/users/user-1.jpg]
[html.weblearnbd.net/shofy-prv/shofy/assets/img/instagram/3/instagram-1.jpg]
[html.weblearnbd.net/shofy-prv/shofy/assets/img/instagram/3/instagram-2.jpg]
[html.weblearnbd.net/shofy-prv/shofy/assets/img/instagram/3/instagram-3.jpg]
[html.weblearnbd.net/shofy-prv/shofy/assets/img/instagram/3/instagram-4.jpg]
[html.weblearnbd.net/shofy-prv/shofy/assets/img/instagram/3/instagram-5.jpg]
[html.weblearnbd.net/shofy-prv/shofy/assets/img/instagram/3/instagram-6.jpg]
[html.weblearnbd.net/shofy-prv/shofy/assets/img/product/details/2/nav/product-details-nav-1.jpg]
[html.weblearnbd.net/shofy-prv/shofy/assets/img/product/details/2/nav/product-details-nav-2.jpg]
[html.weblearnbd.net/shofy-prv/shofy/assets/img/product/details/2/nav/product-details-nav-3.jpg]
[html.weblearnbd.net/shofy-prv/shofy/assets/img/product/details/2/nav/product-details-nav-4.jpg]
[html.weblearnbd.net/shofy-prv/shofy/assets/img/product/details/2/main/product-details-main-1.jpg]
[html.weblearnbd.net/shofy-prv/shofy/assets/img/product/details/2/main/product-details-main-2.jpg]
[html.weblearnbd.net/shofy-prv/shofy/assets/img/product/details/2/main/product-details-main-3.jpg]
[html.weblearnbd.net/shofy-prv/shofy/assets/img/product/details/2/main/product-details-main-4.jpg]
[html.weblearnbd.net/shofy-prv/shofy/index-3.html]
[html.weblearnbd.net/shofy-prv/shofy/assets/img/slider/4/slider-1.png]
[html.weblearnbd.net/shofy-prv/shofy/assets/img/slider/4/shape/rounded-test.png]
[html.weblearnbd.net/shofy-prv/shofy/assets/img/slider/4/slider-2.png]
[html.weblearnbd.net/shofy-prv/shofy/assets/img/slider/4/slider-3.png]
[html.weblearnbd.net/shofy-prv/shofy/assets/img/slider/4/slider-4.png]
[html.weblearnbd.net/shofy-prv/shofy/assets/img/slider/4/nav/icon-1.png]
[html.weblearnbd.net/shofy-prv/shofy/assets/img/slider/4/nav/icon-2.png]
[html.weblearnbd.net/shofy-prv/shofy/assets/img/slider/4/nav/icon-3.png]
[html.weblearnbd.net/shofy-prv/shofy/assets/img/slider/4/nav/icon-4.png]
[html.weblearnbd.net/shofy-prv/shofy/assets/img/banner/4/banner-1.jpg]
[html.weblearnbd.net/shofy-prv/shofy/assets/img/banner/4/banner-2.jpg]
[html.weblearnbd.net/shofy-prv/shofy/assets/img/banner/4/banner-3.jpg]
[html.weblearnbd.net/shofy-prv/shofy/assets/img/banner/4/banner-4.jpg]
[html.weblearnbd.net/shofy-prv/shofy/assets/img/about/about-1.jpg]
[html.weblearnbd.net/shofy-prv/shofy/assets/img/about/about-2.jpg]
[html.weblearnbd.net/shofy-prv/shofy/assets/img/category/4/category-1.jpg]
[html.weblearnbd.net/shofy-prv/shofy/assets/img/category/4/category-2.jpg]
[html.weblearnbd.net/shofy-prv/shofy/assets/img/category/4/category-3.jpg]
[html.weblearnbd.net/shofy-prv/shofy/assets/img/category/4/category-4.jpg]
[html.weblearnbd.net/shofy-prv/shofy/assets/img/category/4/category-5.jpg]
[html.weblearnbd.net/shofy-prv/shofy/assets/img/product/4/product-1.jpg]
[html.weblearnbd.net/shofy-prv/shofy/assets/img/product/4/product-2.jpg]
[html.weblearnbd.net/shofy-prv/shofy/assets/img/product/4/product-3.jpg]
[html.weblearnbd.net/shofy-prv/shofy/assets/img/product/4/product-4.jpg]
[html.weblearnbd.net/shofy-prv/shofy/assets/img/product/4/product-5.jpg]
[html.weblearnbd.net/shofy-prv/shofy/assets/img/product/4/product-6.jpg]
[html.weblearnbd.net/shofy-prv/shofy/assets/img/product/4/product-7.jpg]
[html.weblearnbd.net/shofy-prv/shofy/assets/img/product/4/product-8.jpg]
[html.weblearnbd.net/shofy-prv/shofy/assets/img/product/collection/4/collection-1.jpg]
[html.weblearnbd.net/shofy-prv/shofy/assets/img/product/collection/4/side-text.png]
[html.weblearnbd.net/shofy-prv/shofy/assets/img/product/collection/4/collection-sm-1.jpg]
[html.weblearnbd.net/shofy-prv/shofy/assets/img/product/4/product-9.jpg]
[html.weblearnbd.net/shofy-prv/shofy/assets/img/product/4/product-10.jpg]
[html.weblearnbd.net/shofy-prv/shofy/assets/img/product/4/product-11.jpg]
[html.weblearnbd.net/shofy-prv/shofy/assets/img/product/4/product-12.jpg]
[html.weblearnbd.net/shofy-prv/shofy/assets/img/brand/logo_01.png]
[html.weblearnbd.net/shofy-prv/shofy/assets/img/brand/logo_02.png]
[html.weblearnbd.net/shofy-prv/shofy/assets/img/brand/logo_03.png]
[html.weblearnbd.net/shofy-prv/shofy/assets/img/brand/logo_04.png]
[html.weblearnbd.net/shofy-prv/shofy/assets/img/brand/logo_05.png]
[html.weblearnbd.net/shofy-prv/shofy/assets/img/instagram/4/instagram-1.jpg]
[html.weblearnbd.net/shofy-prv/shofy/assets/img/instagram/4/instagram-2.jpg]
[html.weblearnbd.net/shofy-prv/shofy/assets/img/instagram/4/instagram-3.jpg]
[html.weblearnbd.net/shofy-prv/shofy/assets/img/instagram/4/instagram-4.jpg]
[html.weblearnbd.net/shofy-prv/shofy/assets/img/instagram/4/instagram-5.jpg]
[html.weblearnbd.net/shofy-prv/shofy/assets/img/instagram/4/instagram-6.jpg]
[html.weblearnbd.net/shofy-prv/shofy/assets/img/product/details/4/nav/product-details-nav-1.jpg]
[html.weblearnbd.net/shofy-prv/shofy/assets/img/product/details/4/nav/product-details-nav-2.jpg]
[html.weblearnbd.net/shofy-prv/shofy/assets/img/product/details/4/nav/product-details-nav-3.jpg]
[html.weblearnbd.net/shofy-prv/shofy/assets/img/product/details/4/nav/product-details-nav-4.jpg]
[html.weblearnbd.net/shofy-prv/shofy/assets/img/product/details/4/main/product-details-main-1.jpg]
[html.weblearnbd.net/shofy-prv/shofy/assets/img/product/details/4/main/product-details-main-2.jpg]
[html.weblearnbd.net/shofy-prv/shofy/assets/img/product/details/4/main/product-details-main-3.jpg]
[html.weblearnbd.net/shofy-prv/shofy/assets/img/product/details/4/main/product-details-main-4.jpg]
[html.weblearnbd.net/shofy-prv/shofy/index-4.html]
[html.weblearnbd.net/shofy-prv/shofy/assets/img/header/menu/grocery/img-1.png]
[html.weblearnbd.net/shofy-prv/shofy/assets/img/header/menu/grocery/img-2.png]
[html.weblearnbd.net/shofy-prv/shofy/assets/img/header/menu/grocery/menu-brand-1.png]
[html.weblearnbd.net/shofy-prv/shofy/assets/img/header/menu/grocery/menu-brand-2.png]
[html.weblearnbd.net/shofy-prv/shofy/assets/img/header/menu/grocery/menu-brand-3.png]
[html.weblearnbd.net/shofy-prv/shofy/assets/img/header/menu/grocery/img-3.png]
[html.weblearnbd.net/shofy-prv/shofy/assets/img/header/menu/grocery/img-4.png]
[html.weblearnbd.net/shofy-prv/shofy/assets/img/header/menu/grocery/img-5.png]
[html.weblearnbd.net/shofy-prv/shofy/assets/img/header/menu/grocery/img-6.png]
[html.weblearnbd.net/shofy-prv/shofy/assets/img/slider/5/shape/shape-1.png]
[html.weblearnbd.net/shofy-prv/shofy/assets/img/slider/5/shape/shape-2.png]
[html.weblearnbd.net/shofy-prv/shofy/assets/img/slider/5/shape/shape-3.png]
[html.weblearnbd.net/shofy-prv/shofy/assets/img/slider/5/shape/shape-4.png]
[html.weblearnbd.net/shofy-prv/shofy/assets/img/slider/5/subtitle.png]
[html.weblearnbd.net/shofy-prv/shofy/assets/img/slider/5/shape/offer.png]
[html.weblearnbd.net/shofy-prv/shofy/assets/img/slider/5/slider-1.png]
[html.weblearnbd.net/shofy-prv/shofy/assets/img/category/5/category-1.jpg]
[html.weblearnbd.net/shofy-prv/shofy/assets/img/category/5/category-2.jpg]
[html.weblearnbd.net/shofy-prv/shofy/assets/img/category/5/category-3.jpg]
[html.weblearnbd.net/shofy-prv/shofy/assets/img/category/5/category-4.jpg]
[html.weblearnbd.net/shofy-prv/shofy/assets/img/category/5/category-5.jpg]
[html.weblearnbd.net/shofy-prv/shofy/assets/img/category/5/category-6.jpg]
[html.weblearnbd.net/shofy-prv/shofy/assets/img/product/5/product-1.jpg]
[html.weblearnbd.net/shofy-prv/shofy/assets/img/product/5/product-2.jpg]
[html.weblearnbd.net/shofy-prv/shofy/assets/img/product/5/product-3.jpg]
[html.weblearnbd.net/shofy-prv/shofy/assets/img/product/5/product-4.jpg]
[html.weblearnbd.net/shofy-prv/shofy/assets/img/product/5/product-5.jpg]
[html.weblearnbd.net/shofy-prv/shofy/assets/img/product/5/product-6.jpg]
[html.weblearnbd.net/shofy-prv/shofy/assets/img/product/5/product-7.jpg]
[html.weblearnbd.net/shofy-prv/shofy/assets/img/product/5/product-8.jpg]
[html.weblearnbd.net/shofy-prv/shofy/assets/img/deal/shape/shape-7.png]
[html.weblearnbd.net/shofy-prv/shofy/assets/img/deal/shape/shape-1.png]
[html.weblearnbd.net/shofy-prv/shofy/assets/img/deal/shape/shape-2.png]
[html.weblearnbd.net/shofy-prv/shofy/assets/img/deal/shape/shape-3.png]
[html.weblearnbd.net/shofy-prv/shofy/assets/img/deal/shape/shape-4.png]
[html.weblearnbd.net/shofy-prv/shofy/assets/img/deal/shape/shape-5.png]
[html.weblearnbd.net/shofy-prv/shofy/assets/img/deal/shape/shape-6.png]
[html.weblearnbd.net/shofy-prv/shofy/assets/img/product/side/pre-title.png]
[html.weblearnbd.net/shofy-prv/shofy/assets/img/product/side/side-1.png]
[html.weblearnbd.net/shofy-prv/shofy/assets/img/product/sm/5/product-sm-1.jpg]
[html.weblearnbd.net/shofy-prv/shofy/assets/img/product/sm/5/product-sm-2.jpg]
[html.weblearnbd.net/shofy-prv/shofy/assets/img/product/sm/5/product-sm-3.jpg]
[html.weblearnbd.net/shofy-prv/shofy/assets/img/product/sm/5/product-sm-4.jpg]
[html.weblearnbd.net/shofy-prv/shofy/assets/img/product/sm/5/product-sm-5.jpg]
[html.weblearnbd.net/shofy-prv/shofy/assets/img/product/sm/5/product-sm-6.jpg]
[html.weblearnbd.net/shofy-prv/shofy/assets/img/users/user-11.jpg]
[html.weblearnbd.net/shofy-prv/shofy/assets/img/testimonial/testimonial-quote-2.png]
[html.weblearnbd.net/shofy-prv/shofy/assets/img/users/user-5.jpg]
[html.weblearnbd.net/shofy-prv/shofy/assets/img/users/user-6.jpg]
[html.weblearnbd.net/shofy-prv/shofy/assets/img/banner/5/best-banner-1.jpg]
[html.weblearnbd.net/shofy-prv/shofy/assets/img/product/5/product-9.jpg]
[html.weblearnbd.net/shofy-prv/shofy/assets/img/product/5/product-10.jpg]
[html.weblearnbd.net/shofy-prv/shofy/assets/img/product/5/product-11.jpg]
[html.weblearnbd.net/shofy-prv/shofy/assets/img/cta/shape/cta-shape-1.png]
[html.weblearnbd.net/shofy-prv/shofy/assets/img/cta/shape/cta-shape-2.png]
[html.weblearnbd.net/shofy-prv/shofy/assets/img/cta/cta-thumb-1.jpg]
[html.weblearnbd.net/shofy-prv/shofy/assets/img/product/details/5/nav/product-details-nav-1.jpg]
[html.weblearnbd.net/shofy-prv/shofy/assets/img/product/details/5/nav/product-details-nav-2.jpg]
[html.weblearnbd.net/shofy-prv/shofy/assets/img/product/details/5/nav/product-details-nav-3.jpg]
[html.weblearnbd.net/shofy-prv/shofy/assets/img/product/details/5/main/product-details-main-1.jpg]
[html.weblearnbd.net/shofy-prv/shofy/assets/img/product/details/5/main/product-details-main-2.jpg]
[html.weblearnbd.net/shofy-prv/shofy/assets/img/product/details/5/main/product-details-main-3.jpg]
[html.weblearnbd.net/shofy-prv/shofy/assets/img/product/details/5/main/product-details-main-4.jpg]
[html.weblearnbd.net/shofy-prv/shofy/index-5.html]
[html.weblearnbd.net/shofy-prv/shofy/assets/js/parallax.js]
[html.weblearnbd.net/shofy-prv/shofy/assets/img/category/main/category-main-1.jpg]
[html.weblearnbd.net/shofy-prv/shofy/assets/img/category/main/category-main-2.jpg]
[html.weblearnbd.net/shofy-prv/shofy/assets/img/category/main/category-main-3.jpg]
[html.weblearnbd.net/shofy-prv/shofy/assets/img/category/main/category-main-4.jpg]
[html.weblearnbd.net/shofy-prv/shofy/assets/img/category/main/category-main-5.jpg]
[html.weblearnbd.net/shofy-prv/shofy/assets/img/category/main/category-main-6.jpg]
[html.weblearnbd.net/shofy-prv/shofy/assets/img/category/main/category-main-7.jpg]
[html.weblearnbd.net/shofy-prv/shofy/assets/img/category/main/category-main-8.jpg]
[html.weblearnbd.net/shofy-prv/shofy/assets/img/category/main/category-main-9.jpg]
[html.weblearnbd.net/shofy-prv/shofy/assets/img/category/main/category-main-10.jpg]
[html.weblearnbd.net/shofy-prv/shofy/assets/img/category/main/category-main-11.jpg]
[html.weblearnbd.net/shofy-prv/shofy/assets/img/category/main/category-main-12.jpg]
[html.weblearnbd.net/shofy-prv/shofy/shop-category.html]
[html.weblearnbd.net/shofy-prv/shofy/shop-list.html]
[html.weblearnbd.net/shofy-prv/shofy/assets/img/product/masonary/masonary-1.jpg]
[html.weblearnbd.net/shofy-prv/shofy/assets/img/product/masonary/masonary-2.jpg]
[html.weblearnbd.net/shofy-prv/shofy/assets/img/product/2/prodcut-13.jpg]
[html.weblearnbd.net/shofy-prv/shofy/assets/img/product/2/prodcut-15.jpg]
[html.weblearnbd.net/shofy-prv/shofy/assets/img/product/2/prodcut-14.jpg]
[html.weblearnbd.net/shofy-prv/shofy/shop-masonary.html]
[html.weblearnbd.net/shofy-prv/shofy/shop-full-width.html]
[html.weblearnbd.net/shofy-prv/shofy/shop-1600.html]
[html.weblearnbd.net/shofy-prv/shofy/shop-right-sidebar.html]
[html.weblearnbd.net/shofy-prv/shofy/shop-no-sidebar.html]
[html.weblearnbd.net/shofy-prv/shofy/shop-filter-dropdown.html]
[html.weblearnbd.net/shofy-prv/shofy/shop-filter-offcanvas.html]
[html.weblearnbd.net/shofy-prv/shofy/assets/js/infinite-scroll.js]
[html.weblearnbd.net/shofy-prv/shofy/assets/js/btnloadmore.js]
[html.weblearnbd.net/shofy-prv/shofy/shop-load-more.html]
[html.weblearnbd.net/shofy-prv/shofy/shop-infinite-scroll.html]
[html.weblearnbd.net/shofy-prv/shofy/assets/img/product/details/2/main/product-details-main-5.jpg]
[html.weblearnbd.net/shofy-prv/shofy/assets/img/product/details/2/nav/product-details-nav-5.jpg]
[html.weblearnbd.net/shofy-prv/shofy/assets/img/product/details/2/desc/product-details-desc-1.jpg]
[html.weblearnbd.net/shofy-prv/shofy/assets/img/product/details/2/desc/product-details-desc-2.jpg]
[html.weblearnbd.net/shofy-prv/shofy/assets/img/product/details/2/desc/product-details-desc-3.jpg]
[html.weblearnbd.net/shofy-prv/shofy/assets/img/product/details/2/desc/product-details-desc-4.jpg]
[html.weblearnbd.net/shofy-prv/shofy/assets/img/product/details/2/desc/product-details-desc-5.jpg]
[html.weblearnbd.net/shofy-prv/shofy/assets/img/product/related/2/product-related-1.jpg]
[html.weblearnbd.net/shofy-prv/shofy/assets/img/product/related/2/product-related-2.jpg]
[html.weblearnbd.net/shofy-prv/shofy/assets/img/product/related/2/product-related-3.jpg]
[html.weblearnbd.net/shofy-prv/shofy/assets/img/product/related/2/product-related-4.jpg]
[html.weblearnbd.net/shofy-prv/shofy/product-details-progress.html]
[html.weblearnbd.net/shofy-prv/shofy/product-details-video.html]
[html.weblearnbd.net/shofy-prv/shofy/product-details-countdown.html]
[html.weblearnbd.net/shofy-prv/shofy/product-details-presentation.html]
[html.weblearnbd.net/shofy-prv/shofy/product-details-swatches.html]
[html.weblearnbd.net/shofy-prv/shofy/assets/img/product/details/list/product-details-list-1.jpg]
[html.weblearnbd.net/shofy-prv/shofy/assets/img/product/details/list/product-details-list-2.jpg]
[html.weblearnbd.net/shofy-prv/shofy/assets/img/product/details/list/product-details-list-3.jpg]
[html.weblearnbd.net/shofy-prv/shofy/assets/img/product/details/list/product-details-list-4.jpg]
[html.weblearnbd.net/shofy-prv/shofy/product-details-list.html]
[html.weblearnbd.net/shofy-prv/shofy/assets/img/product/details/grid/product-details-grid-1.jpg]
[html.weblearnbd.net/shofy-prv/shofy/assets/img/product/details/grid/product-details-grid-2.jpg]
[html.weblearnbd.net/shofy-prv/shofy/assets/img/product/details/grid/product-details-grid-3.jpg]
[html.weblearnbd.net/shofy-prv/shofy/assets/img/product/details/grid/product-details-grid-4.jpg]
[html.weblearnbd.net/shofy-prv/shofy/assets/img/product/details/grid/product-details-grid-5.jpg]
[html.weblearnbd.net/shofy-prv/shofy/assets/img/product/details/grid/product-details-grid-6.jpg]
[html.weblearnbd.net/shofy-prv/shofy/product-details-gallery.html]
[html.weblearnbd.net/shofy-prv/shofy/assets/img/product/details/slider/product-details-slider-1.jpg]
[html.weblearnbd.net/shofy-prv/shofy/assets/img/product/details/slider/product-details-slider-2.jpg]
[html.weblearnbd.net/shofy-prv/shofy/assets/img/product/details/slider/product-details-slider-3.jpg]
[html.weblearnbd.net/shofy-prv/shofy/assets/img/product/details/slider/product-details-slider-4.jpg]
[html.weblearnbd.net/shofy-prv/shofy/assets/img/product/details/slider/product-details-slider-5.jpg]
[html.weblearnbd.net/shofy-prv/shofy/assets/img/product/details/slider/product-details-slider-6.jpg]
[html.weblearnbd.net/shofy-prv/shofy/product-details-slider.html]
[html.weblearnbd.net/shofy-prv/shofy/order.html]
[html.weblearnbd.net/shofy-prv/shofy/assets/img/about/about-big-1.jpg]
[html.weblearnbd.net/shofy-prv/shofy/assets/img/history/history-1.jpg]
[html.weblearnbd.net/shofy-prv/shofy/assets/img/history/history-2.jpg]
[html.weblearnbd.net/shofy-prv/shofy/assets/img/author/author-bg.jpg]
[html.weblearnbd.net/shofy-prv/shofy/assets/img/brand/author/logo_01.png]
[html.weblearnbd.net/shofy-prv/shofy/assets/img/brand/author/logo_02.png]
[html.weblearnbd.net/shofy-prv/shofy/assets/img/brand/author/logo_03.png]
[html.weblearnbd.net/shofy-prv/shofy/assets/img/brand/author/logo_04.png]
[html.weblearnbd.net/shofy-prv/shofy/about.html]
[html.weblearnbd.net/shofy-prv/shofy/register.html]
[html.weblearnbd.net/shofy-prv/shofy/forgot.html]
[html.weblearnbd.net/shofy-prv/shofy/assets/img/error/error.png]
[html.weblearnbd.net/shofy-prv/shofy/404.html]
[html.weblearnbd.net/shofy-prv/shofy/coupon.html]
[html.weblearnbd.net/shofy-prv/shofy/assets/img/breadcrumb/breadcrumb-bg-1.jpg]
[html.weblearnbd.net/shofy-prv/shofy/assets/img/blog/blog-big-3.jpg]
[html.weblearnbd.net/shofy-prv/shofy/assets/img/blog/blog-big-2.jpg]
[html.weblearnbd.net/shofy-prv/shofy/assets/img/blog/blog-big-4.jpg]
[html.weblearnbd.net/shofy-prv/shofy/assets/img/blog/blog-big-5.jpg]
[html.weblearnbd.net/shofy-prv/shofy/assets/img/blog/blog-big-6.jpg]
[html.weblearnbd.net/shofy-prv/shofy/assets/img/blog/signature/signature.png]
[html.weblearnbd.net/shofy-prv/shofy/assets/img/blog/sidebar/blog-sidebar-1.jpg]
[html.weblearnbd.net/shofy-prv/shofy/assets/img/blog/sidebar/blog-sidebar-2.jpg]
[html.weblearnbd.net/shofy-prv/shofy/assets/img/blog/sidebar/blog-sidebar-3.jpg]
[html.weblearnbd.net/shofy-prv/shofy/blog.html]
[html.weblearnbd.net/shofy-prv/shofy/assets/img/blog/grid/blog-grid-1.jpg]
[html.weblearnbd.net/shofy-prv/shofy/assets/img/blog/grid/blog-grid-2.jpg]
[html.weblearnbd.net/shofy-prv/shofy/assets/img/blog/grid/blog-grid-3.jpg]
[html.weblearnbd.net/shofy-prv/shofy/assets/img/blog/grid/blog-grid-4.jpg]
[html.weblearnbd.net/shofy-prv/shofy/assets/img/blog/grid/blog-grid-5.jpg]
[html.weblearnbd.net/shofy-prv/shofy/assets/img/blog/grid/blog-grid-6.jpg]
[html.weblearnbd.net/shofy-prv/shofy/assets/img/blog/grid/blog-grid-7.jpg]
[html.weblearnbd.net/shofy-prv/shofy/assets/img/blog/grid/blog-grid-8.jpg]
[html.weblearnbd.net/shofy-prv/shofy/assets/img/blog/list/blog-list-2.jpg]
[html.weblearnbd.net/shofy-prv/shofy/assets/img/blog/list/blog-list-3.jpg]
[html.weblearnbd.net/shofy-prv/shofy/assets/img/blog/list/blog-list-4.jpg]
[html.weblearnbd.net/shofy-prv/shofy/assets/img/blog/list/blog-list-5.jpg]
[html.weblearnbd.net/shofy-prv/shofy/assets/img/blog/list/blog-list-6.jpg]
[html.weblearnbd.net/shofy-prv/shofy/blog-grid.html]
[html.weblearnbd.net/shofy-prv/shofy/blog-list.html]
[html.weblearnbd.net/shofy-prv/shofy/assets/img/blog/details/blog-big-1.jpg]
[html.weblearnbd.net/shofy-prv/shofy/assets/img/blog/details/blog-details-sm-1.jpg]
[html.weblearnbd.net/shofy-prv/shofy/assets/img/blog/details/shape/line.png]
[html.weblearnbd.net/shofy-prv/shofy/assets/img/blog/details/shape/quote.png]
[html.weblearnbd.net/shofy-prv/shofy/blog-details-2.html]
[html.weblearnbd.net/shofy-prv/shofy/blog-details.html]
[html.weblearnbd.net/shofy-prv/shofy/assets/js/vendor/jquery.js]
[html.weblearnbd.net/shofy-prv/shofy/assets/js/vendor/waypoints.js]
[html.weblearnbd.net/shofy-prv/shofy/assets/js/bootstrap-bundle.js]
[html.weblearnbd.net/shofy-prv/shofy/assets/js/meanmenu.js]
[html.weblearnbd.net/shofy-prv/shofy/e]
[html.weblearnbd.net/shofy-prv/shofy/a.params.url]
[html.weblearnbd.net/shofy-prv/shofy/assets/js/swiper-bundle.js]
[html.weblearnbd.net/shofy-prv/shofy/assets/js/slick.js]
[html.weblearnbd.net/shofy-prv/shofy/assets/js/range-slider.js]
[html.weblearnbd.net/shofy-prv/shofy/assets/js/magnific-popup.js]
[html.weblearnbd.net/shofy-prv/shofy/assets/js/nice-select.js]
[html.weblearnbd.net/shofy-prv/shofy/assets/js/purecounter.js]
[html.weblearnbd.net/shofy-prv/shofy/assets/js/countdown.js]
[html.weblearnbd.net/shofy-prv/shofy/assets/js/wow.js]
[html.weblearnbd.net/shofy-prv/shofy/assets/js/isotope-pkgd.js]
[html.weblearnbd.net/shofy-prv/shofy/assets/js/imagesloaded-pkgd.js]
[html.weblearnbd.net/shofy-prv/shofy/assets/js/ajax-form.js]
[html.weblearnbd.net/shofy-prv/shofy/assets/css/bootstrap-rtl.css]
[html.weblearnbd.net/shofy-prv/shofy/assets/js/main.js]
[html.weblearnbd.net/shofy-prv/shofy/assets/fonts/fa-duotone-900.html]
[html.weblearnbd.net/shofy-prv/shofy/assets/fonts/fa-duotone-901.html]
[html.weblearnbd.net/shofy-prv/shofy/assets/fonts/flaticon_shofyc3d7.html]
[html.weblearnbd.net/shofy-prv/shofy/assets/css/images/ui-icons_444444_256x240.html]
[html.weblearnbd.net/shofy-prv/shofy/assets/css/images/ui-icons_555555_256x240.html]
[html.weblearnbd.net/shofy-prv/shofy/assets/css/images/ui-icons_ffffff_256x240.html]
[html.weblearnbd.net/shofy-prv/shofy/assets/css/images/ui-icons_777620_256x240.html]
[html.weblearnbd.net/shofy-prv/shofy/assets/css/images/ui-icons_cc0000_256x240.html]
[html.weblearnbd.net/shofy-prv/shofy/assets/css/images/ui-icons_777777_256x240.html]
[html.weblearnbd.net/shofy-prv/shofy/assets/img/product/icons/check.svg]
[html.weblearnbd.net/shofy-prv/shofy/assets/img/product/icons/check-3.svg]
[html.weblearnbd.net/shofy-prv/shofy/assets/img/product/icons/check-2.svg]
[html.weblearnbd.net/shofy-prv/shofy/assets/img/icon/login/google.svg]
[html.weblearnbd.net/shofy-prv/shofy/assets/img/icon/login/facebook.svg]
[html.weblearnbd.net/shofy-prv/shofy/assets/img/icon/login/apple.svg]
[html.weblearnbd.net/shofy-prv/shofy/assets/img/logo/logo-white.svg]
[html.weblearnbd.net/shofy-prv/shofy/assets/js/parallax.js]
[html.weblearnbd.net/shofy-prv/shofy/assets/js/infinite-scroll.js]
[html.weblearnbd.net/shofy-prv/shofy/assets/js/btnloadmore.js]
[html.weblearnbd.net/shofy-prv/shofy/e.html]
[html.weblearnbd.net/shofy-prv/shofy/a.params.html]
[html.weblearnbd.net/shofy-prv/shofy/assets/css/bootstrap-rtl.html]
